// Jest Snapshot v1, https://goo.gl/fbAQLP

exports[`(Container) OasisWrapUnwrapWrap should render 1`] = `
<OasisWrapUnwrapWrap
  activeUnwrappedToken="GNT"
  activeUnwrappedTokenBalance={"0"}
  form="wrapEther"
  hidden={false}
  onFormChange={[Function]}
  onSubmit={[Function]}
  transactionState={
    Object {
      "txStartMeta": undefined,
      "txStartTimestamp": undefined,
      "txStatus": undefined,
    }
  }
  txType="TX/GROUP__WRAP_UNWRAP/WRAP"
/>
`;

exports[`(Container) OasisWrapUnwrapWrap will receive right actions 1`] = `
Object {
  "actions": Object {
    "resetActiveWrapForm": [Function],
    "wrapToken": [Function],
  },
}
`;

exports[`(Container) OasisWrapUnwrapWrap will receive right props 1`] = `
Object {
  "activeUnwrappedToken": "GNT",
  "activeUnwrappedTokenBalance": "0",
  "defaultAccount": "0x0000000000000000000000000000000000000000",
}
`;
