// Jest Snapshot v1, https://goo.gl/fbAQLP

exports[`(Container) OasisTransactionStatus should render 1`] = `
<InfoBox
  alignItems="baseline"
  className=""
  color="default"
  fullWidth={true}
  justifyContent="space-between"
  size="sm"
>
  <div
    className=""
    style={
      Object {
        "alignContent": "space-between",
        "display": "flex",
      }
    }
  >
    <div />
    <TransactionStatus
      noBorder={true}
      transaction={
        Immutable.Map {
          txType: "OFFER_TAKES/TAKE_BUY_OFFER",
        }
      }
    />
  </div>
</InfoBox>
`;

exports[`(Container) OasisTransactionStatus will receive right actions 1`] = `
Object {
  "actions": Object {},
}
`;

exports[`(Container) OasisTransactionStatus will receive right props 1`] = `
Object {
  "transaction": Immutable.Map {
    txStatus: undefined,
},
}
`;
