// Jest Snapshot v1, https://goo.gl/fbAQLP

exports[`(Container) OasisWrapUnwrap should render 1`] = `
<div>
  __WrapUnwrap__
  <OasisWrapUnwrapBalances />
  <OasisWrapUnwrapHistory />
  <OasisWrapUnwrapWrap />
  <OasisWrapUnwrapUnwrap />
</div>
`;

exports[`(Container) OasisWrapUnwrap will receive right actions 1`] = `
Object {
  "actions": Object {},
}
`;

exports[`(Container) OasisWrapUnwrap will receive right props 1`] = `Object {}`;
