// Jest Snapshot v1, https://goo.gl/fbAQLP

exports[`(Component) EtherscanLink should render 1`] = `""`;
