// Jest Snapshot v1, https://goo.gl/fbAQLP

exports[`(Component) OasisInlineTokenBalance should render 1`] = `<OasisLoadingIndicator />`;
