// Jest Snapshot v1, https://goo.gl/fbAQLP

exports[`(Component) OasisSellMaker should render 1`] = `
<div>
  OasisSellMaker
</div>
`;
