// Jest Snapshot v1, https://goo.gl/fbAQLP

exports[`(Component) OasisBuyOrders should render 1`] = `
<OasisWidgetFrame
  className=""
  heading="BUY ORDERS"
  loadProgressSection={
    <LoadProgressSection
      loadedOffersList={
        Immutable.List [
        ]
      }
      offersTotalCount={undefined}
    />
  }
  loadingDataText="buy orders"
>
  <OasisTable
    col={
      Array [
        Object {
          "heading": "price",
          "template": [Function],
        },
        Object {
          "heading": "W-ETH",
          "template": [Function],
        },
        Object {
          "heading": "MKR",
          "template": [Function],
        },
        Object {
          "heading": "",
          "template": [Function],
        },
      ]
    }
    collapseEnabled={false}
    collapseInitial={false}
    collapseRowNumber={4}
    onRowClick={[Function]}
    rows={
      Immutable.List [
      ]
    }
  />
</OasisWidgetFrame>
`;
