// Jest Snapshot v1, https://goo.gl/fbAQLP

exports[`(Component) WrapStatus should render 1`] = `<div />`;
